// Jest Snapshot v1, https://goo.gl/fbAQLP

exports[`test UploadVideo should render correctly 1`] = `
<div
  className="upload-btn-wrapper sc-bdVaJa kybblu"
>
  <div>
    <input
      className="select-file"
      onChange={[Function]}
      type="file"
    />
    <button
      className="upload-btn"
    >
      Upload
    </button>
  </div>
</div>
`;
